[36mvite v7.3.1 [32mbuilding client environment for production...[36m[39m
transforming...
[32mΓ£ô[39m 13 modules transformed.
node.exe : 
[31mΓ£ù[39m Build 
failed in 652ms
At line:1 char:1
+ & "C:\Program 
Files\nodejs/node.exe" 
"C:\Program 
Files\nodejs/node_mo 
...
+ ~~~~~~~~~~~~~~~~~~~~~
~~~~~~~~~~~~~~~~~~~~~~~
~~~~~~~~~~~~~~~~~~~~~~~
~~
    + CategoryInfo     
         : NotSpecifi  
  ed: ([31mΓ£ù[39m   
  Build failed in 6    
52ms:String) [], R    
emoteException
    + FullyQualifiedEr 
   rorId : NativeComm  
  andError
 
[31merror during 
build:
[31mCould not resolve 
"./components/Cursor" 
from "src/App.jsx"[31m
file: 
[36mC:/projects/brain 
forge/client/src/App.js
x[31m
    at getRollupError (
file:///C:/projects/bra
in%20forge/client/node_
modules/rollup/dist/es/
shared/parseAst.js:402:
41)
    at error (file:///C
:/projects/brain%20forg
e/client/node_modules/r
ollup/dist/es/shared/pa
rseAst.js:398:42)
    at ModuleLoader.han
dleInvalidResolvedId (f
ile:///C:/projects/brai
n%20forge/client/node_m
odules/rollup/dist/es/s
hared/node-entry.js:217
10:24)
    at file:///C:/proje
cts/brain%20forge/clien
t/node_modules/rollup/d
ist/es/shared/node-entr
y.js:21670:26[39m
